// Jest Snapshot v1, https://goo.gl/fbAQLP

exports[`<Button> <Button> 랜더링 1`] = `
.c0 {
  text-align: center;
  padding: 10px 20px;
  border-radius: 8px;
  cursor: pointer;
  background-color: #304ffe;
}

.c0:hover {
  background-color: #1e40ff;
}

.c0:active {
  box-shadow: 5px 5px 10px rgba(0,0,0,0.2);
}

.c1 {
  color: #fff;
}

<div>
  <div
    class="c0"
    data-testid="button-container"
  >
    <div
      class="c1"
    >
      추가
    </div>
  </div>
</div>
`;

exports[`<Button> <Button> 랜더링 2`] = `
.c0 {
  text-align: center;
  padding: 10px 20px;
  border-radius: 8px;
  cursor: pointer;
  background-color: #304ffe;
}

.c0:hover {
  background-color: #1e40ff;
}

.c0:active {
  box-shadow: 5px 5px 10px rgba(0,0,0,0.2);
}

.c1 {
  color: #fff;
}

<div>
  <div
    class="c0"
    data-testid="button-container"
  >
    <div
      class="c1"
    >
      추가
    </div>
  </div>
</div>
`;
