// Jest Snapshot v1, https://goo.gl/fbAQLP

exports[`<List> <List> 랜더링 확인 1`] = `
.c4 {
  text-align: center;
  padding: 10px 20px;
  border-radius: 8px;
  cursor: pointer;
  background-color: #ff1744;
}

.c4:hover {
  background-color: #f01440;
}

.c4:active {
  box-shadow: 5px 5px 10px rgba(0,0,0,0.2);
}

.c5 {
  color: #fff;
}

.c0 {
  display: -webkit-box;
  display: -webkit-flex;
  display: -ms-flexbox;
  display: flex;
  background-color: #fff;
  -webkit-flex-direction: column;
  -ms-flex-direction: column;
  flex-direction: column;
  padding: 20px;
  border-radius: 8px;
  box-shadow: 5px 5px 10px rgba(0,0,0,0.2);
  position: relative;
  -webkit-align-items: center;
  -webkit-box-align: center;
  -ms-flex-align: center;
  align-items: center;
}

.c2 {
  display: -webkit-box;
  display: -webkit-flex;
  display: -ms-flexbox;
  display: flex;
  border-bottom: 1px solid #bdbdbd;
  -webkit-align-items: center;
  -webkit-box-align: center;
  -ms-flex-align: center;
  align-items: center;
  margin: 10px;
  padding: 10px;
}

.c3 {
  -webkit-flex: 1;
  -ms-flex: 1;
  flex: 1;
  margin-right: 20px;
  -webkit-text-decoration: none;
  text-decoration: none;
}

.c1 {
  min-width: 350px;
  height: 400px;
  overflow-y: scroll;
  border: 1px solid #bdbdbd;
  margin-bottom: 20px;
}

.c6 {
  font-size: 20px;
  color: #fff;
  display: -webkit-box;
  display: -webkit-flex;
  display: -ms-flexbox;
  display: flex;
  -webkit-align-items: center;
  -webkit-box-align: center;
  -ms-flex-align: center;
  align-items: center;
  -webkit-box-pack: center;
  -webkit-justify-content: center;
  -ms-flex-pack: center;
  justify-content: center;
  width: 60px;
  height: 60px;
  border-radius: 30px;
  cursor: pointer;
  background-color: #404ffe;
  box-shadow: 5px 5px 10px rgba(0,0,0,0.2);
  -webkit-text-decoration: none;
  text-decoration: none;
}

.c6:hover {
  background-color: #1e40ff;
}

.c6:active {
  box-shadow: inset 5px 5px 10px rgba(0,0,0,0.2);
}

<div>
  <div>
    /
  </div>
  <div
    class="c0"
  >
    <div
      class="c1"
    >
      <div
        class="c2"
      >
        <a
          class="c3"
          href="/detail/0"
        >
          todo1
        </a>
        <div
          class="c4"
          data-testid="button-container"
        >
          <div
            class="c5"
          >
            삭제
          </div>
        </div>
      </div>
      <div
        class="c2"
      >
        <a
          class="c3"
          href="/detail/1"
        >
          todo2
        </a>
        <div
          class="c4"
          data-testid="button-container"
        >
          <div
            class="c5"
          >
            삭제
          </div>
        </div>
      </div>
      <div
        class="c2"
      >
        <a
          class="c3"
          href="/detail/2"
        >
          todo3
        </a>
        <div
          class="c4"
          data-testid="button-container"
        >
          <div
            class="c5"
          >
            삭제
          </div>
        </div>
      </div>
    </div>
    <a
      class="c6"
      href="/add"
    >
      +
    </a>
  </div>
</div>
`;
