// Jest Snapshot v1, https://goo.gl/fbAQLP

exports[`<Add> Add 컴포넌트 랜더링 1`] = `
.c2 {
  text-align: center;
  padding: 10px 20px;
  border-radius: 8px;
  cursor: pointer;
  background-color: #304ffe;
}

.c2:hover {
  background-color: #1e40ff;
}

.c2:active {
  box-shadow: 5px 5px 10px rgba(0,0,0,0.2);
}

.c3 {
  color: #fff;
}

.c0 {
  display: -webkit-box;
  display: -webkit-flex;
  display: -ms-flexbox;
  display: flex;
}

.c1 {
  padding: 10px;
  border-radius: 8px;
  border: 1px solid #bdbdbd;
  outline: none;
}

<div>
  <div
    class="c0"
  >
    <input
      class="c1"
      placeholder="할 일을 입력해주세요."
      type="text"
    />
    <div
      class="c2"
      data-testid="button-container"
    >
      <div
        class="c3"
      >
        추가
      </div>
    </div>
  </div>
  <div>
    /
  </div>
</div>
`;
