// Jest Snapshot v1, https://goo.gl/fbAQLP

exports[`<NotFound> <NotFound> 컴포넌트 랜더링 1`] = `
.c0 {
  font-size: 20px;
}

<div>
  <div
    class="c0"
  >
    Not Found
  </div>
</div>
`;
