// Jest Snapshot v1, https://goo.gl/fbAQLP

exports[`<Detail> <Detail> 컴포넌트 랜더링 확인 1`] = `
.c2 {
  text-align: center;
  padding: 10px 20px;
  border-radius: 8px;
  cursor: pointer;
  background-color: #FF1744;
}

.c2:hover {
  background-color: #F01440;
}

.c2:active {
  box-shadow: 5px 5px 10px rgba(0,0,0,0.2);
}

.c3 {
  color: #fff;
}

.c0 {
  display: -webkit-box;
  display: -webkit-flex;
  display: -ms-flexbox;
  display: flex;
  background-color: #fff;
  padding: 20px;
  border-radius: 8px;
  box-shadow: 5px 5px 10px rgba(0,0,0,0.2);
  -webkit-align-items: center;
  -webkit-box-align: center;
  -ms-flex-align: center;
  align-items: center;
  -webkit-flex-direction: column;
  -ms-flex-direction: column;
  flex-direction: column;
}

.c1 {
  min-width: 350px;
  height: 350px;
  overflow-y: auto;
  border: 1px solid #bdbdbd;
  margin-bottom: 20px;
  padding: 10px;
}

<div>
  <div>
    /detail/1
  </div>
  <div
    class="c0"
  >
    <div
      class="c1"
    >
      todo2
    </div>
    <div
      class="c2"
      data-testid="button-container"
    >
      <div
        class="c3"
      >
        삭제
      </div>
    </div>
  </div>
</div>
`;
